ERROR:nncf:Current GROUP_SIZE is: 64
ERROR:nncf:Current mode is: TRITON
ERROR:nncf:Quantizer to: <class 'nncf.torch.quantization.triton.reference.TritonQuantizedFunctions'>
{'batch_size': 32,
 'calib_seqlen': 1024,
 'epochs': 1,
 'eval_seqlen': 2048,
 'fast_eval': False,
 'limit': None,
 'lora_rank': 256,
 'lr': 0.0001,
 'microbatch_size': 8,
 'num_train_samples': 124,
 'output_dir': PosixPath('output'),
 'pretrained': 'unsloth/SmolLM-360M-Instruct',
 'resume': False}
To visualize the loss and validation metrics, open Tensorboard using the logs from: output/tb/2025-08-28__16-15-32
INFO:nncf:Statistics of the bitwidth distribution:
┍━━━━━━━━━━━━━━━━━━━━━━━━━━━┯━━━━━━━━━━━━━━━━━━━━━━━━━━━━━┯━━━━━━━━━━━━━━━━━━━━━━━━━━━━━━━━━━━━━━━━┑
│ Weight compression mode   │ % all parameters (layers)   │ % ratio-defining parameters (layers)   │
┝━━━━━━━━━━━━━━━━━━━━━━━━━━━┿━━━━━━━━━━━━━━━━━━━━━━━━━━━━━┿━━━━━━━━━━━━━━━━━━━━━━━━━━━━━━━━━━━━━━━━┥
│ int4_asym                 │ 87% (224 / 225)             │ 100% (224 / 224)                       │
├───────────────────────────┼─────────────────────────────┼────────────────────────────────────────┤
│ float                     │ 13% (1 / 225)               │ 0% (0 / 224)                           │
┕━━━━━━━━━━━━━━━━━━━━━━━━━━━┷━━━━━━━━━━━━━━━━━━━━━━━━━━━━━┷━━━━━━━━━━━━━━━━━━━━━━━━━━━━━━━━━━━━━━━━┙
Applying Weight Compression                                                                                                         0% • 0:00:00 • -:--:--
Applying Weight Compression ━━━━━━━━━━━━━━━━━━━━━━━━━━━━━━━━━━━━━━━━━━━━━━━━━━━━━━━━━━━━━━━━━━━━━━━━━━━━━━━━━━━━━━━━━━━━━━━━━━━━━ 100% • 0:00:00 • 0:00:00
trainable params: 9,830,400 || all params: 371,651,744 || trainable%: 2.6451
Train epoch 0 ━━━━━━━━━━━━━━━━━━━━━━━━━━━━━━━━━━━━━━━━━━━━━━━━━━━━━━━━━━━━━━━━━━━━━━━━━━━━━━━━━━━━━━━━━━━━━━━━━━━━━━━━━━━━━ 100% 15/15 • 0:00:13 • 0:00:00
Elapsed time:  0 min 13 sec
Max memory allocated: 17.226 GB
